// Jest Snapshot v1, https://goo.gl/fbAQLP

exports[`Initial Map render correctly 1`] = `
<section
  className="cities__map map"
  style={
    Object {
      "height": "100%",
      "width": "100%",
    }
  }
/>
`;
